	Command being timed: "/projects/varunssd/louis-ssvc/envs/ssvc-py312/bin/python -m src.modeling_v3.cli observe-toy --config configs/modeling_v3/protocol.json --collection /projects/varunssd/louis-ssvc/modeling_v3_20260915/candidate03/Q1_historical_collection --out /projects/varunssd/louis-ssvc/modeling_v3_20260915/candidate04/Q1_observation_full"
	User time (seconds): 5191.73
	System time (seconds): 102.30
	Percent of CPU this job got: 88%
	Elapsed (wall clock) time (h:mm:ss or m:ss): 1:39:19
	Average shared text size (kbytes): 0
	Average unshared data size (kbytes): 0
	Average stack size (kbytes): 0
	Average total size (kbytes): 0
	Maximum resident set size (kbytes): 562068
	Average resident set size (kbytes): 0
	Major (requiring I/O) page faults: 0
	Minor (reclaiming a frame) page faults: 28256673
	Voluntary context switches: 1491125
	Involuntary context switches: 85979
	Swaps: 0
	File system inputs: 0
	File system outputs: 73820504
	Socket messages sent: 0
	Socket messages received: 0
	Signals delivered: 0
	Page size (bytes): 4096
	Exit status: 0
