	Command being timed: "/projects/varunssd/louis-ssvc/envs/ssvc-py312/bin/python -m src.modeling_v3.cli collect-toy --config configs/modeling_v3/protocol.json --role development --out /projects/varunssd/louis-ssvc/modeling_v3_20260915/candidate04/Q2_development_collection"
	User time (seconds): 8.66
	System time (seconds): 0.48
	Percent of CPU this job got: 69%
	Elapsed (wall clock) time (h:mm:ss or m:ss): 0:13.19
	Average shared text size (kbytes): 0
	Average unshared data size (kbytes): 0
	Average stack size (kbytes): 0
	Average total size (kbytes): 0
	Maximum resident set size (kbytes): 636344
	Average resident set size (kbytes): 0
	Major (requiring I/O) page faults: 0
	Minor (reclaiming a frame) page faults: 216259
	Voluntary context switches: 1368
	Involuntary context switches: 133
	Swaps: 0
	File system inputs: 0
	File system outputs: 222912
	Socket messages sent: 0
	Socket messages received: 0
	Signals delivered: 0
	Page size (bytes): 4096
	Exit status: 0
