	Command being timed: "/projects/varunssd/louis-ssvc/envs/ssvc-py312/bin/python scripts/run_modeling_v3_cpu_request.py --request /projects/varunssd/louis-ssvc/modeling_v3_20260915/candidate04/Q2_TIMING_CPU_REQUEST.json --sha256 49bb0d10df06e7205fa9b5a39d95abfe8805a3a1994af3247c8fdd50a5d05e21"
	User time (seconds): 14.18
	System time (seconds): 0.53
	Percent of CPU this job got: 92%
	Elapsed (wall clock) time (h:mm:ss or m:ss): 0:15.98
	Average shared text size (kbytes): 0
	Average unshared data size (kbytes): 0
	Average stack size (kbytes): 0
	Average total size (kbytes): 0
	Maximum resident set size (kbytes): 528424
	Average resident set size (kbytes): 0
	Major (requiring I/O) page faults: 0
	Minor (reclaiming a frame) page faults: 289454
	Voluntary context switches: 4653
	Involuntary context switches: 324
	Swaps: 0
	File system inputs: 0
	File system outputs: 411368
	Socket messages sent: 0
	Socket messages received: 0
	Signals delivered: 0
	Page size (bytes): 4096
	Exit status: 0
