	Command being timed: "/projects/varunssd/louis-ssvc/envs/ssvc-py312/bin/python scripts/run_modeling_v3_cpu_request.py --request /projects/varunssd/louis-ssvc/modeling_v3_20260915/candidate05/Q1_ANALYSIS_REQUEST.json --sha256 16171660b1c03f58195a8199ee1a1463397b2030b0019324fb7003aa5b4916e9"
	User time (seconds): 492.38
	System time (seconds): 33.86
	Percent of CPU this job got: 67%
	Elapsed (wall clock) time (h:mm:ss or m:ss): 12:56.34
	Average shared text size (kbytes): 0
	Average unshared data size (kbytes): 0
	Average stack size (kbytes): 0
	Average total size (kbytes): 0
	Maximum resident set size (kbytes): 601420
	Average resident set size (kbytes): 0
	Major (requiring I/O) page faults: 2
	Minor (reclaiming a frame) page faults: 464442
	Voluntary context switches: 443292
	Involuntary context switches: 72109
	Swaps: 0
	File system inputs: 8
	File system outputs: 2158160
	Socket messages sent: 0
	Socket messages received: 0
	Signals delivered: 0
	Page size (bytes): 4096
	Exit status: 0
