	Command being timed: "/projects/varunssd/louis-ssvc/envs/ssvc-py312/bin/python -m src.modeling_v3.cli coverage-study --config configs/modeling_v3/protocol.json --collection /projects/varunssd/louis-ssvc/modeling_v3_20260915/candidate04/Q2_development_collection --out /projects/varunssd/louis-ssvc/modeling_v3_20260915/candidate04/Q2_coverage_full"
	User time (seconds): 1398.90
	System time (seconds): 49.94
	Percent of CPU this job got: 87%
	Elapsed (wall clock) time (h:mm:ss or m:ss): 27:32.96
	Average shared text size (kbytes): 0
	Average unshared data size (kbytes): 0
	Average stack size (kbytes): 0
	Average total size (kbytes): 0
	Maximum resident set size (kbytes): 6769008
	Average resident set size (kbytes): 0
	Major (requiring I/O) page faults: 0
	Minor (reclaiming a frame) page faults: 11457325
	Voluntary context switches: 553203
	Involuntary context switches: 69879
	Swaps: 0
	File system inputs: 0
	File system outputs: 44817928
	Socket messages sent: 0
	Socket messages received: 0
	Signals delivered: 0
	Page size (bytes): 4096
	Exit status: 0
