Traceback (most recent call last):
  File "/projects/_ssd/varunssd/louis-ssvc/modeling_contrast_v2_20260915/checkout/ssvc_flow/src/modeling_contrast/collect_fresh.py", line 90, in scan_seed_collisions
    manifest = json.loads(path.read_text())
                          ^^^^^^^^^^^^^^^^
  File "/projects/varunssd/louis-ssvc/envs/ssvc-py312/lib/python3.12/pathlib.py", line 1028, in read_text
    return f.read()
           ^^^^^^^^
  File "<frozen codecs>", line 322, in decode
UnicodeDecodeError: 'utf-8' codec can't decode byte 0xa3 in position 45: invalid start byte

The above exception was the direct cause of the following exception:

Traceback (most recent call last):
  File "<frozen runpy>", line 198, in _run_module_as_main
  File "<frozen runpy>", line 88, in _run_code
  File "/projects/_ssd/varunssd/louis-ssvc/modeling_contrast_v2_20260915/checkout/ssvc_flow/src/modeling_contrast/server_cli.py", line 286, in <module>
    main()
  File "/projects/_ssd/varunssd/louis-ssvc/modeling_contrast_v2_20260915/checkout/ssvc_flow/src/modeling_contrast/server_cli.py", line 270, in main
    preflight(config, config_path, settings, run_root, control)
  File "/projects/_ssd/varunssd/louis-ssvc/modeling_contrast_v2_20260915/checkout/ssvc_flow/src/modeling_contrast/server_cli.py", line 98, in preflight
    collisions = scan_seed_collisions(roots, seeds)
                 ^^^^^^^^^^^^^^^^^^^^^^^^^^^^^^^^^^
  File "/projects/_ssd/varunssd/louis-ssvc/modeling_contrast_v2_20260915/checkout/ssvc_flow/src/modeling_contrast/collect_fresh.py", line 92, in scan_seed_collisions
    raise ValueError(f"seed inventory manifest unreadable: {path}") from error
ValueError: seed inventory manifest unreadable: /projects/_ssd/varunssd/louis-ssvc/reviewed-data-20260908/generated/._manifest.json
Command exited with non-zero status 1
	Command being timed: "/projects/varunssd/louis-ssvc/envs/ssvc-py312/bin/python -m src.modeling_contrast.server_cli preflight --settings /projects/varunssd/louis-ssvc/modeling_contrast_v2_20260915/server_settings.json"
	User time (seconds): 1.32
	System time (seconds): 0.97
	Percent of CPU this job got: 24%
	Elapsed (wall clock) time (h:mm:ss or m:ss): 0:09.18
	Average shared text size (kbytes): 0
	Average unshared data size (kbytes): 0
	Average stack size (kbytes): 0
	Average total size (kbytes): 0
	Maximum resident set size (kbytes): 248832
	Average resident set size (kbytes): 0
	Major (requiring I/O) page faults: 39
	Minor (reclaiming a frame) page faults: 62157
	Voluntary context switches: 39835
	Involuntary context switches: 665
	Swaps: 0
	File system inputs: 0
	File system outputs: 24
	Socket messages sent: 0
	Socket messages received: 0
	Signals delivered: 0
	Page size (bytes): 4096
	Exit status: 1
