	Command being timed: "/projects/varunssd/louis-ssvc/envs/ssvc-py312/bin/python -m src.modeling_contrast.server_cli execute --settings /projects/varunssd/louis-ssvc/modeling_contrast_v2_20260915/server_settings.json"
	User time (seconds): 1426.41
	System time (seconds): 35.06
	Percent of CPU this job got: 98%
	Elapsed (wall clock) time (h:mm:ss or m:ss): 24:40.36
	Average shared text size (kbytes): 0
	Average unshared data size (kbytes): 0
	Average stack size (kbytes): 0
	Average total size (kbytes): 0
	Maximum resident set size (kbytes): 1371544
	Average resident set size (kbytes): 0
	Major (requiring I/O) page faults: 31
	Minor (reclaiming a frame) page faults: 2507674
	Voluntary context switches: 46891
	Involuntary context switches: 59253
	Swaps: 0
	File system inputs: 2240
	File system outputs: 3818488
	Socket messages sent: 0
	Socket messages received: 0
	Signals delivered: 0
	Page size (bytes): 4096
	Exit status: 0
