	Command being timed: "/projects/varunssd/louis-ssvc/envs/ssvc-py312/bin/python -"
	User time (seconds): 12.43
	System time (seconds): 1.22
	Percent of CPU this job got: 97%
	Elapsed (wall clock) time (h:mm:ss or m:ss): 0:14.02
	Average shared text size (kbytes): 0
	Average unshared data size (kbytes): 0
	Average stack size (kbytes): 0
	Average total size (kbytes): 0
	Maximum resident set size (kbytes): 109056
	Average resident set size (kbytes): 0
	Major (requiring I/O) page faults: 0
	Minor (reclaiming a frame) page faults: 240863
	Voluntary context switches: 3583
	Involuntary context switches: 1114
	Swaps: 0
	File system inputs: 0
	File system outputs: 1024
	Socket messages sent: 0
	Socket messages received: 0
	Signals delivered: 0
	Page size (bytes): 4096
	Exit status: 0
