	Command being timed: "/projects/varunssd/louis-ssvc/envs/ssvc-py312/bin/python -m src.modeling_contrast.server_cli preflight --settings /projects/varunssd/louis-ssvc/modeling_contrast_v2_20260915/server_settings.json"
	User time (seconds): 57.68
	System time (seconds): 4.13
	Percent of CPU this job got: 86%
	Elapsed (wall clock) time (h:mm:ss or m:ss): 1:11.32
	Average shared text size (kbytes): 0
	Average unshared data size (kbytes): 0
	Average stack size (kbytes): 0
	Average total size (kbytes): 0
	Maximum resident set size (kbytes): 914836
	Average resident set size (kbytes): 0
	Major (requiring I/O) page faults: 0
	Minor (reclaiming a frame) page faults: 496708
	Voluntary context switches: 12152
	Involuntary context switches: 6057
	Swaps: 0
	File system inputs: 0
	File system outputs: 138080
	Socket messages sent: 0
	Socket messages received: 0
	Signals delivered: 0
	Page size (bytes): 4096
	Exit status: 0
