	Command being timed: "/projects/varunssd/louis-ssvc/envs/ssvc-py312/bin/python scripts/run_modeling_v3_cpu_request.py --request /projects/varunssd/louis-ssvc/modeling_v3_20260915/candidate05/Q2_ANALYSIS_REQUEST.json --sha256 5b53fcd8d58ea13234133ffb60bd2880a8e4ec18ef70a00917fc84e5023a2f93"
	User time (seconds): 161.13
	System time (seconds): 10.21
	Percent of CPU this job got: 86%
	Elapsed (wall clock) time (h:mm:ss or m:ss): 3:18.49
	Average shared text size (kbytes): 0
	Average unshared data size (kbytes): 0
	Average stack size (kbytes): 0
	Average total size (kbytes): 0
	Maximum resident set size (kbytes): 689536
	Average resident set size (kbytes): 0
	Major (requiring I/O) page faults: 1
	Minor (reclaiming a frame) page faults: 565930
	Voluntary context switches: 36295
	Involuntary context switches: 12037
	Swaps: 0
	File system inputs: 8
	File system outputs: 507680
	Socket messages sent: 0
	Socket messages received: 0
	Signals delivered: 0
	Page size (bytes): 4096
	Exit status: 0
